[backblue.gif]
[fade.gif]
[index.html]
[ajax.googleapis.com/ajax/libs/jquery/1.10.1/jquery.min.js]
[ajax.googleapis.com/ajax/libs/jqueryui/1.10.2/jquery-ui.min.js]
[demo.interface.club/itsbrain/liquid/light/images/demo/users/face6.png]
[demo.interface.club/itsbrain/liquid/light/images/logo.png]
[demo.interface.club/itsbrain/liquid/light/images/demo/images/1.png]
[demo.interface.club/itsbrain/liquid/light/images/demo/images/2.png]
[demo.interface.club/itsbrain/liquid/light/images/demo/images/3.png]
[demo.interface.club/itsbrain/liquid/light/images/demo/images/4.png]
[demo.interface.club/itsbrain/liquid/light/images/demo/images/5.png]
[demo.interface.club/itsbrain/liquid/light/images/demo/images/6.png]
[demo.interface.club/itsbrain/liquid/light/images/demo/images/7.png]
[demo.interface.club/itsbrain/liquid/light/images/demo/images/8.png]
[demo.interface.club/itsbrain/liquid/light/index.html]
[demo.interface.club/itsbrain/liquid/light/css/bootstrap.min.css]
[demo.interface.club/itsbrain/liquid/light/images/interface/background.png]
[demo.interface.club/itsbrain/liquid/light/images/interface/zoom.png]
[demo.interface.club/itsbrain/liquid/light/css/brain-theme.css]
[demo.interface.club/itsbrain/liquid/light/images/dark.png]
[demo.interface.club/itsbrain/liquid/light/images/fixed.png]
[demo.interface.club/itsbrain/liquid/light/images/interface/loader.gif]
[demo.interface.club/itsbrain/liquid/light/images/interface/nav_arrow_right.png]
[demo.interface.club/itsbrain/liquid/light/images/forms/clear_results.png]
[demo.interface.club/itsbrain/liquid/light/images/forms/check.png]
[demo.interface.club/itsbrain/liquid/light/images/forms/choice.png]
[demo.interface.club/itsbrain/liquid/light/images/forms/add_files.png]
[demo.interface.club/itsbrain/liquid/light/images/forms/vertical_arrows.png]
[demo.interface.club/itsbrain/liquid/light/images/interface/filter.png]
[demo.interface.club/itsbrain/liquid/light/images/interface/arrow_left.png]
[demo.interface.club/itsbrain/liquid/light/images/interface/arrow_right.png]
[demo.interface.club/itsbrain/liquid/light/images/interface/handle.png]
[demo.interface.club/itsbrain/liquid/light/images/colorpicker/saturation.png]
[demo.interface.club/itsbrain/liquid/light/images/colorpicker/hue.png]
[demo.interface.club/itsbrain/liquid/light/images/colorpicker/alpha.png]
[demo.interface.club/itsbrain/liquid/light/images/interface/lightbox_overlay.png]
[demo.interface.club/itsbrain/liquid/light/images/interface/plupload_title.png]
[demo.interface.club/itsbrain/liquid/light/images/interface/plupload_remove.png]
[demo.interface.club/itsbrain/liquid/light/images/interface/plupload_error.png]
[demo.interface.club/itsbrain/liquid/light/images/interface/plupload_done.png]
[demo.interface.club/itsbrain/liquid/light/images/interface/tables/sort_both.png]
[demo.interface.club/itsbrain/liquid/light/images/interface/tables/sort_asc.png]
[demo.interface.club/itsbrain/liquid/light/images/interface/tables/sort_desc.png]
[demo.interface.club/itsbrain/liquid/light/images/interface/tables/sort_asc_disabled.png]
[demo.interface.club/itsbrain/liquid/light/images/interface/tables/sort_desc_disabled.png]
[demo.interface.club/itsbrain/liquid/light/css/styles.css]
[demo.interface.club/itsbrain/liquid/light/css/fonts/fontawesome-webfontba72.eot]
[demo.interface.club/itsbrain/liquid/light/css/fonts/fontawesome-webfontd41d.eot]
[demo.interface.club/itsbrain/liquid/light/css/fonts/fontawesome-webfontba72.woff]
[demo.interface.club/itsbrain/liquid/light/css/fonts/fontawesome-webfontba72.ttf]
[demo.interface.club/itsbrain/liquid/light/css/font-awesome.min.css]
[demo.interface.club/itsbrain/liquid/light/js/plugins/charts/flot.js]
[demo.interface.club/itsbrain/liquid/light/js/plugins/charts/flot.orderbars.js]
[demo.interface.club/itsbrain/liquid/light/js/plugins/charts/flot.pie.js]
[demo.interface.club/itsbrain/liquid/light/js/plugins/charts/flot.time.js]
[demo.interface.club/itsbrain/liquid/light/js/plugins/charts/flot.animator.min.js]
[demo.interface.club/itsbrain/liquid/light/js/plugins/charts/excanvas.min.js]
[demo.interface.club/itsbrain/liquid/light/js/plugins/charts/flot.resize.min.js]
[demo.interface.club/itsbrain/liquid/light/js/plugins/forms/uniform.min.js]
[demo.interface.club/itsbrain/liquid/light/js/plugins/forms/select2.min.js]
[demo.interface.club/itsbrain/liquid/light/js/plugins/forms/inputmask.js]
[demo.interface.club/itsbrain/liquid/light/js/plugins/forms/autosize.js]
[demo.interface.club/itsbrain/liquid/light/js/plugins/forms/inputlimit.min.js]
[demo.interface.club/itsbrain/liquid/light/js/plugins/forms/listbox.js]
[demo.interface.club/itsbrain/liquid/light/js/plugins/forms/multiselect.js]
[demo.interface.club/itsbrain/liquid/light/js/plugins/forms/validate.min.js]
[demo.interface.club/itsbrain/liquid/light/js/plugins/forms/tags.min.js]
[demo.interface.club/itsbrain/liquid/light/js/plugins/forms/uploader/plupload.full.min.js]
[demo.interface.club/itsbrain/liquid/light/js/plugins/forms/uploader/plupload.queue.min.js]
[demo.interface.club/itsbrain/liquid/light/js/plugins/forms/wysihtml5/wysihtml5.min.js]
[demo.interface.club/itsbrain/liquid/light/js/plugins/forms/wysihtml5/toolbar.js]
[demo.interface.club/itsbrain/liquid/light/js/plugins/interface/jgrowl.min.js]
[demo.interface.club/itsbrain/liquid/light/js/plugins/interface/datatables.min.js]
[demo.interface.club/itsbrain/liquid/light/js/plugins/interface/prettify.js]
[demo.interface.club/itsbrain/liquid/light/js/plugins/interface/fancybox.min.js]
[demo.interface.club/itsbrain/liquid/light/js/plugins/interface/colorpicker.js]
[demo.interface.club/itsbrain/liquid/light/js/plugins/interface/timepicker.min.js]
[demo.interface.club/itsbrain/liquid/light/js/plugins/interface/fullcalendar.min.js]
[demo.interface.club/itsbrain/liquid/light/js/plugins/interface/collapsible.min.js]
[demo.interface.club/itsbrain/liquid/light/js/bootstrap.min.js]
[demo.interface.club/itsbrain/liquid/light/js/application.js]
[demo.interface.club/itsbrain/liquid/light/js/charts/simple_graph.js]
[demo.interface.club/itsbrain/liquid/light/charts.html]
[demo.interface.club/itsbrain/liquid/light/form_components.html]
[demo.interface.club/itsbrain/liquid/light/form_validation.html]
[demo.interface.club/itsbrain/liquid/light/wysiwyg.html]
[demo.interface.club/itsbrain/liquid/light/form_layouts.html]
[demo.interface.club/itsbrain/liquid/light/form_grid.html]
[demo.interface.club/itsbrain/liquid/light/file_uploader.html]
[demo.interface.club/itsbrain/liquid/light/visuals.html]
[demo.interface.club/itsbrain/liquid/light/images/logo_light.png]
[demo.interface.club/itsbrain/liquid/light/images/logo_dark.png]
[demo.interface.club/itsbrain/liquid/light/navs.html]
[demo.interface.club/itsbrain/liquid/light/panel_options.html]
[demo.interface.club/itsbrain/liquid/light/icons.html]
[demo.interface.club/itsbrain/liquid/light/buttons.html]
[demo.interface.club/itsbrain/liquid/light/content_grid.html]
[demo.interface.club/itsbrain/liquid/light/typography.html]
[demo.interface.club/itsbrain/liquid/light/images/demo/users/face1.png]
[demo.interface.club/itsbrain/liquid/light/images/demo/users/face2.png]
[demo.interface.club/itsbrain/liquid/light/images/demo/users/face3.png]
[demo.interface.club/itsbrain/liquid/light/images/demo/users/face4.png]
[demo.interface.club/itsbrain/liquid/light/images/demo/users/face5.png]
[demo.interface.club/itsbrain/liquid/light/images/demo/users/face7.png]
[demo.interface.club/itsbrain/liquid/light/images/demo/users/face8.png]
[demo.interface.club/itsbrain/liquid/light/gallery.html]
[demo.interface.club/itsbrain/liquid/light/tables_static.html]
[demo.interface.club/itsbrain/liquid/light/tables_data.html]
[demo.interface.club/itsbrain/liquid/light/tables_custom.html]
[demo.interface.club/itsbrain/liquid/light/tables_data_advanced.html]
[demo.interface.club/itsbrain/liquid/light/calendar.html]
[demo.interface.club/itsbrain/liquid/light/403.html]
[demo.interface.club/itsbrain/liquid/light/404.html]
[demo.interface.club/itsbrain/liquid/light/405.html]
[demo.interface.club/itsbrain/liquid/light/500.html]
[demo.interface.club/itsbrain/liquid/light/503.html]
[demo.interface.club/itsbrain/liquid/light/offline.html]
[demo.interface.club/itsbrain/liquid/light/blank_fixed_navbar.html]
[demo.interface.club/itsbrain/liquid/light/blank_static_navbar.html]
[demo.interface.club/itsbrain/liquid/light/blank_collapsed_sidebar.html]
[demo.interface.club/itsbrain/liquid/light/blank_full_width.html]
[demo.interface.club/itsbrain/liquid/light/fonts/glyphicons-halflings-regular.html]
[demo.interface.club/itsbrain/liquid/light/fonts/glyphicons-halflings-regulard41d.html]
[demo.interface.club/itsbrain/liquid/light/fonts/glyphicons-halflings-regular-2.html]
[demo.interface.club/itsbrain/liquid/light/fonts/glyphicons-halflings-regular-3.html]
[demo.interface.club/itsbrain/liquid/light/fonts/glyphicons-halflings-regular-4.html]
[demo.interface.club/itsbrain/liquid/light/images/interface/nav_arrow_left.html]
[demo.interface.club/itsbrain/liquid/light/images/collection.html]
[demo.interface.club/itsbrain/liquid/light/images/collection_hover.html]
[demo.interface.club/itsbrain/liquid/light/css/fonts/fontawesome-webfontba72.svg]
[demo.interface.club/itsbrain/liquid/light/get.html]
[demo.interface.club/itsbrain/liquid/light/AppleWebKit/index.html]
[demo.interface.club/itsbrain/liquid/light/Chrome/index.html]
[demo.interface.club/itsbrain/liquid/light/Opera/index.html]
[demo.interface.club/itsbrain/liquid/light/hpwos/index.html]
[demo.interface.club/itsbrain/liquid/light/_.html]
[demo.interface.club/itsbrain/liquid/light/Popover requires tooltip.html]
[demo.interface.club/itsbrain/liquid/light/js/charts/vertical_bars.js]
[demo.interface.club/itsbrain/liquid/light/js/charts/horizontal_bars.js]
[demo.interface.club/itsbrain/liquid/light/js/charts/auto_filled.js]
[demo.interface.club/itsbrain/liquid/light/js/charts/auto_empty.js]
[demo.interface.club/itsbrain/liquid/light/js/charts/multiple_axes.js]
[demo.interface.club/itsbrain/liquid/light/js/charts/animated_1.js]
[demo.interface.club/itsbrain/liquid/light/js/charts/animated_2.js]
[demo.interface.club/itsbrain/liquid/light/js/charts/animated_3.js]
[demo.interface.club/itsbrain/liquid/light/js/charts/donut.js]
[demo.interface.club/itsbrain/liquid/light/js/charts/pie.js]
[demo.interface.club/itsbrain/liquid/light/js/charts/pie_full.js]
[demo.interface.club/itsbrain/liquid/light/demo.interface.club/itsbrain/liquid/dark/index.html]
[demo.interface.club/itsbrain/liquid/light/demo.interface.club/itsbrain/fixed/light/index.html]
[demo.interface.club/itsbrain/liquid/light/js/plugins/interface/tabletools.min.js]
[demo.interface.club/itsbrain/liquid/light/js/application_blank.js]
